begin;
    create table account(
        id int primary key,
        is_verified bool,
        name text
    );
    insert into public.account(id, is_verified, name)
    values
        (1, true, 'foo'),
        (2, true, 'bar'),
        (3, false, 'baz');
    create table blog(
        id serial primary key,
        owner_id integer not null references account(id),
        name varchar(255) not null
    );
    insert into blog(owner_id, name)
    values
        (1, 'Blog 1'),
        (2, 'Blog 2'),
        (2, 'Blog 3'),
        (3, 'Blog 4');
    savepoint a;
    -- Valid nodeId that is present
    select graphql.encode('["public", "account", 2]'::jsonb);
              encode              
----------------------------------
 WyJwdWJsaWMiLCAiYWNjb3VudCIsIDJd
(1 row)

    select jsonb_pretty(
        graphql.resolve($$
            {
              node(nodeId: "WyJwdWJsaWMiLCAiYWNjb3VudCIsIDJd") {
                nodeId
                ... on Account {
                  id
                  blogCollection {
                    edges {
                      node {
                        id
                        name
                      }
                    }
                  }
                }
              }
            }
        $$)
    );
                       jsonb_pretty                        
-----------------------------------------------------------
 {                                                        +
     "data": {                                            +
         "node": {                                        +
             "id": 2,                                     +
             "nodeId": "WyJwdWJsaWMiLCAiYWNjb3VudCIsIDJd",+
             "blogCollection": {                          +
                 "edges": [                               +
                     {                                    +
                         "node": {                        +
                             "id": 2,                     +
                             "name": "Blog 2"             +
                         }                                +
                     },                                   +
                     {                                    +
                         "node": {                        +
                             "id": 3,                     +
                             "name": "Blog 3"             +
                         }                                +
                     }                                    +
                 ]                                        +
             }                                            +
         }                                                +
     }                                                    +
 }
(1 row)

    -- Valid nodeId that is not present
    select graphql.encode('["public", "account", 99]'::jsonb);
                encode                
--------------------------------------
 WyJwdWJsaWMiLCAiYWNjb3VudCIsIDk5XQ==
(1 row)

    select jsonb_pretty(
        graphql.resolve($$
            {
              account: node(nodeId: "WyJwdWJsaWMiLCAiYWNjb3VudCIsIDk5XQ==") {
                nodeId
              }
            }
        $$)
    );
      jsonb_pretty       
-------------------------
 {                      +
     "data": {          +
         "account": null+
     }                  +
 }
(1 row)

    -- Valid nodeId variable
    select graphql.resolve($$
    query GetOne($nid: ID!) {
      node(
        nodeId: $nid
      ) {
        nodeId
        ... on Account {
          id
        }
      }
    }
    $$, '{"nid": "WyJwdWJsaWMiLCAiYWNjb3VudCIsIDJd"}');
                                   resolve                                   
-----------------------------------------------------------------------------
 {"data": {"node": {"id": 2, "nodeId": "WyJwdWJsaWMiLCAiYWNjb3VudCIsIDJd"}}}
(1 row)

    -- Empty nodeId
    select jsonb_pretty(
        graphql.resolve($$
            {
              node(nodeId: "") {
                nodeId
              }
            }
        $$)
    );
                               jsonb_pretty                                
---------------------------------------------------------------------------
 {                                                                        +
     "data": null,                                                        +
     "errors": [                                                          +
         {                                                                +
             "message": "Invalid value passed to nodeId argument. Error 4"+
         }                                                                +
     ]                                                                    +
 }
(1 row)

    -- null nodeId
    select jsonb_pretty(
        graphql.resolve($$
            {
              node(nodeId: null) {
                nodeId
              }
            }
        $$)
    );
                      jsonb_pretty                       
---------------------------------------------------------
 {                                                      +
     "data": null,                                      +
     "errors": [                                        +
         {                                              +
             "message": "Invalid input for NonNull type"+
         }                                              +
     ]                                                  +
 }
(1 row)

    -- Valid nodeId for one of many specified inline fragments
    select graphql.encode('["public", "blog", 1]'::jsonb);
            encode            
------------------------------
 WyJwdWJsaWMiLCAiYmxvZyIsIDFd
(1 row)

    select jsonb_pretty(
        graphql.resolve($$
            {
              node(nodeId: "WyJwdWJsaWMiLCAiYmxvZyIsIDFd") {
                nodeId
                ... on Account {
                  isVerified
                }
                ... on Blog {
                  id
                  name
                  owner {
                    id
                  }
                }
              }
            }
        $$)
    );
                     jsonb_pretty                     
------------------------------------------------------
 {                                                   +
     "data": {                                       +
         "node": {                                   +
             "id": 1,                                +
             "name": "Blog 1",                       +
             "owner": {                              +
                 "id": 1                             +
             },                                      +
             "nodeId": "WyJwdWJsaWMiLCAiYmxvZyIsIDFd"+
         }                                           +
     }                                               +
 }
(1 row)

    -- Confirm table matching continues to work when names are quoted
    create table "Foo"(
        id serial primary key,
        name varchar(255) not null
    );
    insert into "Foo"(name) values ('abc');
    select graphql.encode('["public", "Foo", 1]'::jsonb);
            encode            
------------------------------
 WyJwdWJsaWMiLCAiRm9vIiwgMV0=
(1 row)

    select jsonb_pretty(
        graphql.resolve($$
            {
              node(nodeId: "WyJwdWJsaWMiLCAiRm9vIiwgMV0=") {
                nodeId
                ... on Foo {
                  id
                }
              }
            }
        $$)
    );
                     jsonb_pretty                     
------------------------------------------------------
 {                                                   +
     "data": {                                       +
         "node": {                                   +
             "id": 1,                                +
             "nodeId": "WyJwdWJsaWMiLCAiRm9vIiwgMV0="+
         }                                           +
     }                                               +
 }
(1 row)

rollback;
