begin;
    create table account(
        id serial primary key,
        email varchar(255) not null,
        encrypted_password varchar(255) not null,
        created_at timestamp not null,
        updated_at timestamp not null
    );
    select jsonb_pretty(
        gql.resolve($$
        {
          __type(name: "Account") {
            kind
            fields {
                name
            }
          }
        }
        $$)
    );
                  jsonb_pretty                   
-------------------------------------------------
 {                                              +
     "data": {                                  +
         "__type": {                            +
             "kind": "OBJECT",                  +
             "fields": [                        +
                 {                              +
                     "name": "nodeId"           +
                 },                             +
                 {                              +
                     "name": "id"               +
                 },                             +
                 {                              +
                     "name": "email"            +
                 },                             +
                 {                              +
                     "name": "encryptedPassword"+
                 },                             +
                 {                              +
                     "name": "createdAt"        +
                 },                             +
                 {                              +
                     "name": "updatedAt"        +
                 }                              +
             ]                                  +
         }                                      +
     },                                         +
     "errors": [                                +
     ]                                          +
 }
(1 row)

rollback;
